[run] starting opensim-sim: C:\Coding\projects\openSim\build\opensim-sim.exe --config examples/multi_uav_coop_decoy/config/scenario_task1.json
[run] opensim-sim ready (subscribed to sim:commands)
[diag] UAVs=['20001', '20002', '20003'] true_targets=['10001', '10002', '10003']

--- t=   0.0s ---
  20001 mode=SEARCH pos=(27.00051,124.99700) det=False wp=(26.99901,125.00000) d_wp=341m
  20002 mode=SEARCH pos=(27.00050,125.00301) det=False wp=(26.99900,125.00001) d_wp=341m
  20003 mode=SEARCH pos=(26.99600,124.99999) det=False wp=(26.99900,124.99999) d_wp=334m
  target positions: {'10001': '(27.00540,125.01050)', '10002': '(26.98830,125.00000)', '10003': '(27.00490,124.99040)'}

--- t=   5.0s ---
  20001 mode=SEARCH pos=(27.00084,124.99759) det=False wp=(26.99901,125.00000) d_wp=314m
  20002 mode=SEARCH pos=(26.99987,125.00303) det=False wp=(26.99899,125.00001) d_wp=315m
  20003 mode=SEARCH pos=(26.99629,124.99937) det=False wp=(26.99900,124.99999) d_wp=307m
  target positions: {'10001': '(27.00558,125.01072)', '10002': '(26.98806,125.00036)', '10003': '(27.00524,124.99054)'}

--- t=  10.0s ---
  20001 mode=SEARCH pos=(27.00119,124.99824) det=False wp=(26.99901,125.00000) d_wp=299m
  20002 mode=SEARCH pos=(26.99919,125.00303) det=False wp=(26.99899,125.00001) d_wp=300m
  20003 mode=SEARCH pos=(26.99661,124.99871) det=False wp=(26.99900,124.99999) d_wp=294m
  target positions: {'10001': '(27.00576,125.01095)', '10002': '(26.98782,125.00073)', '10003': '(27.00557,124.99069)'}

--- t=  15.0s ---
  20001 mode=SEARCH pos=(27.00162,124.99883) det=False wp=(26.99901,125.00000) d_wp=313m
  20002 mode=SEARCH pos=(26.99852,125.00315) det=False wp=(26.99899,125.00001) d_wp=316m
  20003 mode=SEARCH pos=(26.99684,124.99799) det=False wp=(26.99900,124.99999) d_wp=311m
  target positions: {'10001': '(27.00594,125.01118)', '10002': '(26.98758,125.00110)', '10003': '(27.00591,124.99083)'}

--- t=  20.0s ---
  20001 mode=SEARCH pos=(27.00205,124.99941) det=False wp=(26.99901,125.00001) d_wp=344m
  20002 mode=SEARCH pos=(26.99785,125.00328) det=False wp=(26.99899,125.00000) d_wp=349m
  20003 mode=SEARCH pos=(26.99707,124.99728) det=False wp=(26.99900,124.99999) d_wp=344m
  target positions: {'10001': '(27.00612,125.01140)', '10002': '(26.98734,125.00146)', '10003': '(27.00625,124.99097)'}

--- t=  25.0s ---
  20001 mode=SEARCH pos=(27.00246,125.00002) det=False wp=(26.99901,125.00001) d_wp=384m
  20002 mode=TRACK  pos=(26.99718,125.00326) det¡útgt 10002 (225m) conf=1.00
  20003 mode=TRACK  pos=(26.99752,124.99675) det¡útgt 10003 (200m) conf=0.99
  target positions: {'10001': '(27.00630,125.01163)', '10002': '(26.98710,125.00183)', '10003': '(27.00659,124.99111)'}

--- t=  30.0s ---
  20001 mode=SEARCH pos=(27.00281,125.00068) det=False wp=(26.99901,125.00001) d_wp=428m
  20002 mode=TRACK  pos=(26.99650,125.00317) det¡útgt 10002 (270m) conf=1.00
  20003 mode=TRACK  pos=(26.99811,124.99639) det¡útgt 10003 (240m) conf=0.99
  target positions: {'10001': '(27.00648,125.01185)', '10002': '(26.98686,125.00219)', '10003': '(27.00692,124.99126)'}

--- t=  35.0s ---
  20001 mode=SEARCH pos=(27.00309,125.00137) det=False wp=(26.99901,125.00001) d_wp=473m
  20002 mode=TRACK  pos=(26.99582,125.00310) det¡útgt 10002 (315m) conf=1.00
  20003 mode=TRACK  pos=(26.99872,124.99604) det¡útgt 10003 (281m) conf=0.99
  target positions: {'10001': '(27.00666,125.01208)', '10002': '(26.98662,125.00256)', '10003': '(27.00726,124.99140)'}

--- t=  40.0s ---
  20001 mode=TRACK  pos=(27.00332,125.00208) det¡útgt 10001 (240m) conf=0.99
  20002 mode=TRACK  pos=(26.99514,125.00307) det¡útgt 10002 (360m) conf=1.00
  20003 mode=TRACK  pos=(26.99933,124.99571) det¡útgt 10003 (301m) conf=0.99
  target positions: {'10001': '(27.00684,125.01230)', '10002': '(26.98638,125.00292)', '10003': '(27.00746,124.99139)'}

--- t=  45.0s ---
  20001 mode=TRACK  pos=(27.00356,125.00279) det¡útgt 10001 (265m) conf=0.99
  20002 mode=TRACK  pos=(26.99446,125.00306) det¡útgt 10002 (405m) conf=1.00
  20003 mode=TRACK  pos=(26.99995,124.99538) det¡útgt 10003 (276m) conf=0.99
  target positions: {'10001': '(27.00697,125.01252)', '10002': '(26.98614,125.00329)', '10003': '(27.00732,124.99102)'}

--- t=  50.0s ---
  20001 mode=TRACK  pos=(27.00381,125.00350) det¡útgt 10001 (258m) conf=0.97
  20002 mode=TRACK  pos=(26.99378,125.00309) det¡útgt 10002 (422m) conf=1.00
  20003 mode=TRACK  pos=(27.00054,124.99501) det¡útgt 10003 (255m) conf=0.99
  target positions: {'10001': '(27.00672,125.01264)', '10002': '(26.98617,125.00352)', '10003': '(27.00718,124.99065)'}

--- t=  55.0s ---
  20001 mode=TRACK  pos=(27.00403,125.00422) det¡útgt 10001 (254m) conf=0.99
  20002 mode=TRACK  pos=(26.99310,125.00313) det¡útgt 10002 (402m) conf=1.00
  20003 mode=TRACK  pos=(27.00113,124.99462) det¡útgt 10003 (238m) conf=0.99
  target positions: {'10001': '(27.00648,125.01276)', '10002': '(26.98657,125.00356)', '10003': '(27.00704,124.99028)'}

--- t=  60.0s ---
  20001 mode=TRACK  pos=(27.00423,125.00494) det¡útgt 10001 (254m) conf=0.99
  20002 mode=TRACK  pos=(26.99242,125.00317) det¡útgt 10002 (387m) conf=1.00
  20003 mode=TRACK  pos=(27.00169,124.99420) det¡útgt 10003 (228m) conf=0.99
  target positions: {'10001': '(27.00623,125.01289)', '10002': '(26.98698,125.00361)', '10003': '(27.00690,124.98990)'}

--- t=  65.0s ---
  20001 mode=TRACK  pos=(27.00441,125.00568) det¡útgt 10001 (257m) conf=0.99
  20002 mode=TRACK  pos=(26.99175,125.00323) det¡útgt 10002 (376m) conf=1.00
  20003 mode=TRACK  pos=(27.00223,124.99374) det¡útgt 10003 (224m) conf=0.99
  target positions: {'10001': '(27.00598,125.01301)', '10002': '(26.98738,125.00365)', '10003': '(27.00676,124.98953)'}

--- t=  70.0s ---
  20001 mode=TRACK  pos=(27.00456,125.00642) det¡útgt 10001 (263m) conf=1.00
  20002 mode=TRACK  pos=(26.99107,125.00330) det¡útgt 10002 (371m) conf=0.99
  20003 mode=TRACK  pos=(27.00275,124.99325) det¡útgt 10003 (228m) conf=0.99
  target positions: {'10001': '(27.00573,125.01313)', '10002': '(26.98779,125.00370)', '10003': '(27.00662,124.98916)'}

--- t=  75.0s ---
  20001 mode=TRACK  pos=(27.00469,125.00717) det¡útgt 10001 (273m) conf=1.00
  20002 mode=TRACK  pos=(26.99039,125.00339) det¡útgt 10002 (371m) conf=0.99
  20003 mode=TRACK  pos=(27.00324,124.99272) det¡útgt 10003 (238m) conf=0.99
  target positions: {'10001': '(27.00549,125.01326)', '10002': '(26.98819,125.00374)', '10003': '(27.00648,124.98879)'}

--- t=  80.0s ---
  20001 mode=TRACK  pos=(27.00478,125.00792) det¡útgt 10001 (286m) conf=1.00
  20002 mode=TRACK  pos=(26.98976,125.00329) det¡útgt 10002 (377m) conf=0.96
  20003 mode=TRACK  pos=(27.00370,124.99215) det¡útgt 10003 (254m) conf=0.99
  target positions: {'10001': '(27.00524,125.01338)', '10002': '(26.98860,125.00379)', '10003': '(27.00634,124.98841)'}

--- t=  85.0s ---
  20001 mode=TRACK  pos=(27.00484,125.00868) det¡útgt 10001 (301m) conf=1.00
  20002 mode=TRACK  pos=(26.98934,125.00271) det¡útgt 10002 (388m) conf=0.99
  20003 mode=TRACK  pos=(27.00411,124.99154) det¡útgt 10003 (275m) conf=0.99
  target positions: {'10001': '(27.00499,125.01350)', '10002': '(26.98900,125.00383)', '10003': '(27.00620,124.98804)'}
