[adversarial_swarm] progress 准备启动 C++ 引擎: 0.0%  (spawning opensim-sim)
[adversarial_swarm] progress 等待引擎就绪: 0.0%  (已等 0s，引擎正在加载 terrain CSV (786MB))
[adversarial_swarm] 实体 10001 (TargetVehicle) 起点设为路线 'road3_v4' 的 Start (26.996840, 124.986701)
[adversarial_swarm] 实体 10002 (TargetVehicle) 起点设为路线 'road2_v1' 的 Start (27.012465, 124.995799)
[adversarial_swarm] 实体 10003 (TargetVehicle) 起点设为路线 'road3_v1' 的 Start (26.996979, 124.986771)
[adversarial_swarm] 实体 10004 (TargetVehicle) 起点设为路线 'road4' 的 Start (26.996007, 125.010451)
[adversarial_swarm] 实体 10005 (TargetVehicle) 起点设为路线 'road1_v4' 的 Start (27.012743, 125.001215)
[adversarial_swarm] 实体 10006 (TargetVehicle) 起点设为路线 'road1_v3' 的 Start (27.012674, 125.001215)
[adversarial_swarm] 实体 10007 (TargetVehicle) 起点设为路线 'road5_v2' 的 Start (27.012604, 124.991424)
[adversarial_swarm] 实体 10008 (TargetVehicle) 起点设为路线 'road4_v5' 的 Start (26.995868, 125.010521)
[adversarial_swarm] 实体 10009 (TargetVehicle) 起点设为路线 'road2' 的 Start (27.012535, 124.995799)
[adversarial_swarm] 实体 10010 (TargetVehicle) 起点设为路线 'road5_v4' 的 Start (27.012465, 124.991285)
[adversarial_swarm] 实体 30001 (DecoyVehicle) 起点设为路线 'route_19' 的 Start (26.996840, 125.006632)
[adversarial_swarm] 实体 30002 (DecoyVehicle) 起点设为路线 'route_2' 的 Start (27.019132, 124.983090)
[adversarial_swarm] 实体 30003 (DecoyVehicle) 起点设为路线 'route_14' 的 Start (27.004271, 124.992535)
[adversarial_swarm] 实体 30004 (DecoyVehicle) 起点设为路线 'route_15' 的 Start (27.012326, 125.007674)
[adversarial_swarm] 实体 30005 (DecoyVehicle) 起点设为路线 'route_4' 的 Start (27.006979, 125.018090)
[adversarial_swarm] 实体 30006 (DecoyVehicle) 起点设为路线 'route_7' 的 Start (27.010313, 124.990729)
[adversarial_swarm] 实体 30007 (DecoyVehicle) 起点设为路线 'route_17' 的 Start (26.998924, 124.985243)
[adversarial_swarm] 实体 30008 (DecoyVehicle) 起点设为路线 'route_10' 的 Start (27.004062, 125.014896)
[adversarial_swarm] 实体 30009 (DecoyVehicle) 起点设为路线 'route_6' 的 Start (26.993646, 124.983160)
[adversarial_swarm] 实体 30010 (DecoyVehicle) 起点设为路线 'route_20' 的 Start (27.016424, 124.996632)
[adversarial_swarm] 实体 30011 (DecoyVehicle) 起点设为路线 'route_12' 的 Start (27.000660, 124.997882)
[adversarial_swarm] 实体 30012 (DecoyVehicle) 起点设为路线 'route_8' 的 Start (26.988576, 125.006979)
[adversarial_swarm] 实体 30013 (DecoyVehicle) 起点设为路线 'route_13' 的 Start (27.007465, 124.997049)
[adversarial_swarm] 实体 30014 (DecoyVehicle) 起点设为路线 'route_11' 的 Start (27.005938, 125.011007)
[adversarial_swarm] 实体 30015 (DecoyVehicle) 起点设为路线 'route_9' 的 Start (27.003438, 124.982465)
[adversarial_swarm] 实体 30016 (DecoyVehicle) 起点设为路线 'route_5' 的 Start (27.012743, 124.999687)
[adversarial_swarm] 实体 30017 (DecoyVehicle) 起点设为路线 'route_16' 的 Start (26.995104, 124.987882)
[adversarial_swarm] 实体 30018 (DecoyVehicle) 起点设为路线 'route_18' 的 Start (27.021354, 124.992535)
[adversarial_swarm] 实体 30019 (DecoyVehicle) 起点设为路线 'route_19' 的 Start (26.996840, 125.006632)
[adversarial_swarm] 实体 30020 (DecoyVehicle) 起点设为路线 'route_2' 的 Start (27.019132, 124.983090)
[adversarial_swarm] prepared scenario → C:\Coding\projects\openSim\dist\opensim-2.0.0-UE-win-x64\competition\scenarios\adversarial_swarm\output\scenario_adversarial_swarm_prepared.json
[run] starting opensim-sim: C:\Coding\projects\openSim\dist\opensim-2.0.0-UE-win-x64\opensim-sim.exe --config C:\Coding\projects\openSim\dist\opensim-2.0.0-UE-win-x64\competition\scenarios\adversarial_swarm\output\scenario_adversarial_swarm_prepared.json
[adversarial_swarm] progress 等待引擎就绪: 0.0%  (已等 1s，引擎正在加载 terrain CSV (786MB))
[adversarial_swarm] progress 等待引擎就绪: 0.0%  (已等 3s，引擎正在加载 terrain CSV (786MB))
[adversarial_swarm] progress 等待引擎就绪: 0.0%  (已等 4s，引擎正在加载 terrain CSV (786MB))
[adversarial_swarm] progress 等待引擎就绪: 0.0%  (已等 6s，引擎正在加载 terrain CSV (786MB))
[adversarial_swarm] progress 等待引擎就绪: 0.0%  (已等 7s，引擎正在加载 terrain CSV (786MB))
[run] opensim-sim ready (subscribed to sim:commands)
[adversarial_swarm] progress 等待引擎就绪: 0.0%  (已等 0s，引擎正在加载 terrain CSV (786MB))
[adversarial_swarm] progress 初始化仿真: 0.0%  (感知层构建中)
[adversarial_swarm] first frame @ sim_time=1782432000.017
[INJECT] 并发注入 30 辆车 (workers=8)
[NAV] 实体 10001 使用路线 'road3_v4'
[NAV] 实体 10002 使用路线 'road2_v1'
[DEBUG] _plan_segment 10001: astar_plan command sent
[NAV] 实体 10003 使用路线 'road3_v1'
[NAV] 实体 10005 使用路线 'road1_v4'
[NAV] 实体 10006 使用路线 'road1_v3'
[NAV] 实体 10004 使用路线 'road4'
[DEBUG] _plan_segment 10001: found astar_plan_result: success=True, count=3
[DEBUG] _plan_segment 10002: astar_plan command sent
[NAV] 实体 10007 使用路线 'road5_v2'
[NAV] 实体 10008 使用路线 'road4_v5'
[DEBUG] _plan_segment 10005: astar_plan command sent
[DEBUG] _plan_segment 10004: astar_plan command sent
[DEBUG] _plan_segment 10006: astar_plan command sent
[DEBUG] _plan_segment 10003: astar_plan command sent
[DEBUG] _plan_segment 10007: astar_plan command sent
[DEBUG] _plan_segment 10001: astar_plan command sent
[DEBUG] _plan_segment 10008: astar_plan command sent
[DEBUG] _plan_segment 10002: found astar_plan_result: success=True, count=3
[DEBUG] _plan_segment 10001: found astar_plan_result: success=True, count=3
[DEBUG] _plan_segment 10002: astar_plan command sent
[DEBUG] _plan_segment 10001: astar_plan command sent
[DEBUG] _plan_segment 10001: found astar_plan_result: success=True, count=5
[DEBUG] _plan_segment 10002: found astar_plan_result: success=True, count=3
[DEBUG] _plan_segment 10008: found astar_plan_result: success=True, count=7
[DEBUG] _plan_segment 10007: found astar_plan_result: success=True, count=7
[DEBUG] _plan_segment 10006: found astar_plan_result: success=True, count=3
[DEBUG] _plan_segment 10003: found astar_plan_result: success=True, count=6
[DEBUG] _plan_segment 10005: found astar_plan_result: success=True, count=3
[DEBUG] _plan_segment 10004: found astar_plan_result: success=True, count=8
[DEBUG] _plan_segment 10007: astar_plan command sent
[DEBUG] _plan_segment 10001: astar_plan command sent
[DEBUG] _plan_segment 10008: astar_plan command sent
[DEBUG] _plan_segment 10006: astar_plan command sent
[DEBUG] _plan_segment 10002: astar_plan command sent
[DEBUG] _plan_segment 10005: astar_plan command sent
[DEBUG] _plan_segment 10004: astar_plan command sent
[DEBUG] _plan_segment 10003: astar_plan command sent
[DEBUG] _plan_segment 10007: found astar_plan_result: success=True, count=2
[DEBUG] _plan_segment 10001: found astar_plan_result: success=True, count=9
[DEBUG] _plan_segment 10003: found astar_plan_result: success=True, count=6
[DEBUG] _plan_segment 10005: found astar_plan_result: success=True, count=3
[DEBUG] _plan_segment 10006: found astar_plan_result: success=True, count=3
[DEBUG] _plan_segment 10002: found astar_plan_result: success=True, count=2
[DEBUG] _plan_segment 10004: found astar_plan_result: success=True, count=8
[DEBUG] _plan_segment 10008: found astar_plan_result: success=True, count=7
[DEBUG] _plan_segment 10008: astar_plan command sent
[DEBUG] _plan_segment 10001: astar_plan command sent
[DEBUG] _plan_segment 10002: astar_plan command sent
[DEBUG] _plan_segment 10007: astar_plan command sent
[DEBUG] _plan_segment 10003: astar_plan command sent
[DEBUG] _plan_segment 10004: astar_plan command sent
[DEBUG] _plan_segment 10005: astar_plan command sent
[DEBUG] _plan_segment 10006: astar_plan command sent
[DEBUG] _plan_segment 10008: found astar_plan_result: success=True, count=4
[DEBUG] _plan_segment 10001: found astar_plan_result: success=True, count=9
[DEBUG] _plan_segment 10002: found astar_plan_result: success=True, count=2
[DEBUG] _plan_segment 10004: found astar_plan_result: success=True, count=4
[DEBUG] _plan_segment 10005: found astar_plan_result: success=True, count=3
[DEBUG] _plan_segment 10006: found astar_plan_result: success=True, count=3
[DEBUG] _plan_segment 10003: found astar_plan_result: success=True, count=7
[DEBUG] _plan_segment 10007: found astar_plan_result: success=True, count=2
[DEBUG] _plan_segment 10003: astar_plan command sent
[DEBUG] _plan_segment 10005: astar_plan command sent
[DEBUG] _plan_segment 10004: astar_plan command sent
[DEBUG] _plan_segment 10007: astar_plan command sent
[DEBUG] _plan_segment 10001: astar_plan command sent
[DEBUG] _plan_segment 10008: astar_plan command sent
[DEBUG] _plan_segment 10002: astar_plan command sent
[DEBUG] _plan_segment 10006: astar_plan command sent
[DEBUG] _plan_segment 10005: found astar_plan_result: success=True, count=3
[DEBUG] _plan_segment 10001: found astar_plan_result: success=True, count=5
[DEBUG] _plan_segment 10007: found astar_plan_result: success=True, count=7
[DEBUG] _plan_segment 10003: found astar_plan_result: success=True, count=5
[DEBUG] _plan_segment 10002: found astar_plan_result: success=True, count=2
[DEBUG] _plan_segment 10008: found astar_plan_result: success=True, count=6
[DEBUG] _plan_segment 10004: found astar_plan_result: success=True, count=6
[DEBUG] _plan_segment 10006: found astar_plan_result: success=True, count=3
[NAV] 10003 A* 规划出 21 个路径点 (全程沿路网)
[DEBUG] _plan_segment 10005: astar_plan command sent
[NAV] 10001 A* 规划出 29 个路径点 (全程沿路网)
[DEBUG] _plan_segment 10004: astar_plan command sent
[DEBUG] _plan_segment 10002: astar_plan command sent
[NAV] 10003 set_trajectory 已发送 (21 pts)
[DEBUG] _plan_segment 10006: astar_plan command sent
[NAV] 实体 10009 使用路线 'road2'
[NAV] 10001 set_trajectory 已发送 (29 pts)
[DEBUG] _plan_segment 10007: astar_plan command sent
[DEBUG] _plan_segment 10008: astar_plan command sent
[DEBUG] _plan_segment 10009: astar_plan command sent
[NAV] 实体 10010 使用路线 'road5_v4'
[DEBUG] _plan_segment 10010: astar_plan command sent
[DEBUG] _plan_segment 10006: found astar_plan_result: success=True, count=2
[DEBUG] _plan_segment 10002: found astar_plan_result: success=True, count=2
[DEBUG] _plan_segment 10008: found astar_plan_result: success=True, count=2
[DEBUG] _plan_segment 10007: found astar_plan_result: success=True, count=6
[DEBUG] _plan_segment 10004: found astar_plan_result: success=True, count=2
[DEBUG] _plan_segment 10005: found astar_plan_result: success=True, count=2
[DEBUG] _plan_segment 10008: astar_plan command sent
[DEBUG] _plan_segment 10005: astar_plan command sent
[DEBUG] _plan_segment 10002: astar_plan command sent
[DEBUG] _plan_segment 10004: astar_plan command sent
[DEBUG] _plan_segment 10006: astar_plan command sent
[DEBUG] _plan_segment 10007: astar_plan command sent
[DEBUG] _plan_segment 10007: found astar_plan_result: success=True, count=6
[DEBUG] _plan_segment 10006: found astar_plan_result: success=True, count=2
[DEBUG] _plan_segment 10009: found astar_plan_result: success=True, count=3
[DEBUG] _plan_segment 10010: found astar_plan_result: success=True, count=6
[DEBUG] _plan_segment 10002: found astar_plan_result: success=True, count=9
[DEBUG] _plan_segment 10008: found astar_plan_result: success=True, count=4
[DEBUG] _plan_segment 10004: found astar_plan_result: success=True, count=4
[DEBUG] _plan_segment 10005: found astar_plan_result: success=True, count=2
[NAV] 10002 A* 规划出 17 个路径点 (全程沿路网)
[NAV] 10007 A* 规划出 25 个路径点 (全程沿路网)
[NAV] 10002 set_trajectory 已发送 (17 pts)
[DEBUG] _plan_segment 10009: astar_plan command sent
[NAV] 10007 set_trajectory 已发送 (25 pts)
[DEBUG] _plan_segment 30001: astar_plan command sent
[DEBUG] _plan_segment 10005: astar_plan command sent
[DEBUG] _plan_segment 10004: astar_plan command sent
[DEBUG] _plan_segment 10006: astar_plan command sent
[DEBUG] _plan_segment 10008: astar_plan command sent
[DEBUG] _plan_segment 30002: astar_plan command sent
[DEBUG] _plan_segment 10010: astar_plan command sent
[DEBUG] _plan_segment 10004: found astar_plan_result: success=True, count=2
[DEBUG] _plan_segment 10009: found astar_plan_result: success=True, count=3
[DEBUG] _plan_segment 10005: found astar_plan_result: success=True, count=2
[DEBUG] _plan_segment 10008: found astar_plan_result: success=True, count=2
[DEBUG] _plan_segment 10010: found astar_plan_result: success=True, count=6
[DEBUG] _plan_segment 10006: found astar_plan_result: success=True, count=2
[DEBUG] _plan_segment 10010: astar_plan command sent
[DEBUG] _plan_segment 10009: astar_plan command sent
[DEBUG] _plan_segment 10004: astar_plan command sent
[DEBUG] _plan_segment 10005: astar_plan command sent
[DEBUG] _plan_segment 10006: astar_plan command sent
[DEBUG] _plan_segment 10008: astar_plan command sent
[DEBUG] _plan_segment 10010: found astar_plan_result: success=True, count=2
[DEBUG] _plan_segment 10009: found astar_plan_result: success=True, count=2
[DEBUG] _plan_segment 10008: found astar_plan_result: success=True, count=2
[DEBUG] _plan_segment 10004: found astar_plan_result: success=True, count=2
[DEBUG] _plan_segment 30002: found astar_plan_result: success=True, count=33
[DEBUG] _plan_segment 10006: found astar_plan_result: success=True, count=2
[DEBUG] _plan_segment 30001: found astar_plan_result: success=True, count=17
[DEBUG] _plan_segment 10005: found astar_plan_result: success=True, count=2
[DEBUG] _plan_segment 10008: astar_plan command sent
[NAV] 诱饵 30001 A* 规划出 17 个路径点 (全程沿路网)
[NAV] 诱饵 30002 A* 规划出 33 个路径点 (全程沿路网)
[DEBUG] _plan_segment 10005: astar_plan command sent
[DEBUG] _plan_segment 10004: astar_plan command sent
[DEBUG] _plan_segment 10006: astar_plan command sent
[DEBUG] _plan_segment 10010: astar_plan command sent
[NAV] 诱饵 30001 set_trajectory 已发送
[NAV] 诱饵 30002 set_trajectory 已发送
[DEBUG] _plan_segment 10009: astar_plan command sent
[DEBUG] _plan_segment 30003: astar_plan command sent
[DEBUG] _plan_segment 30004: astar_plan command sent
[DEBUG] _plan_segment 10005: found astar_plan_result: success=True, count=2
[DEBUG] _plan_segment 10004: found astar_plan_result: success=True, count=2
[DEBUG] _plan_segment 10008: found astar_plan_result: success=True, count=2
[DEBUG] _plan_segment 10006: found astar_plan_result: success=True, count=2
[DEBUG] _plan_segment 10010: found astar_plan_result: success=True, count=9
[DEBUG] _plan_segment 10009: found astar_plan_result: success=True, count=2
[DEBUG] _plan_segment 10010: astar_plan command sent
[DEBUG] _plan_segment 10009: astar_plan command sent
[DEBUG] _plan_segment 10005: astar_plan command sent
[DEBUG] _plan_segment 10008: astar_plan command sent
[DEBUG] _plan_segment 10004: astar_plan command sent
[DEBUG] _plan_segment 10006: astar_plan command sent
[DEBUG] _plan_segment 10010: found astar_plan_result: success=True, count=6
[DEBUG] _plan_segment 10009: found astar_plan_result: success=True, count=2
[DEBUG] _plan_segment 10005: found astar_plan_result: success=True, count=2
[DEBUG] _plan_segment 30003: found astar_plan_result: success=True, count=14
[DEBUG] _plan_segment 10004: found astar_plan_result: success=True, count=9
[DEBUG] _plan_segment 30004: found astar_plan_result: success=True, count=22
[DEBUG] _plan_segment 10008: found astar_plan_result: success=True, count=9
[DEBUG] _plan_segment 10006: found astar_plan_result: success=True, count=2
[NAV] 10008 A* 规划出 36 个路径点 (全程沿路网)
[NAV] 诱饵 30004 A* 规划出 22 个路径点 (全程沿路网)
[NAV] 10004 A* 规划出 38 个路径点 (全程沿路网)
[DEBUG] _plan_segment 10005: astar_plan command sent
[NAV] 诱饵 30003 A* 规划出 14 个路径点 (全程沿路网)
[NAV] 10008 set_trajectory 已发送 (36 pts)
[DEBUG] _plan_segment 10009: astar_plan command sent
[NAV] 10004 set_trajectory 已发送 (38 pts)
[DEBUG] _plan_segment 10006: astar_plan command sent
[DEBUG] _plan_segment 30005: astar_plan command sent
[NAV] 诱饵 30003 set_trajectory 已发送
[DEBUG] _plan_segment 10010: astar_plan command sent
[DEBUG] _plan_segment 30006: astar_plan command sent
[NAV] 诱饵 30004 set_trajectory 已发送
[DEBUG] _plan_segment 30008: astar_plan command sent
[DEBUG] _plan_segment 30007: astar_plan command sent
[DEBUG] _plan_segment 10005: found astar_plan_result: success=True, count=2[adversarial_swarm] progress 准备启动 C++ 引擎: 0.0%  (spawning opensim-sim)
[adversarial_swarm] progress 等待引擎就绪: 0.0%  (已等 0s，引擎正在加载 terrain CSV (786MB))
[adversarial_swarm] 实体 10001 (TargetVehicle) 起点设为路线 'road5_v3' 的 Start (27.012535, 124.991354)
[adversarial_swarm] 实体 10002 (TargetVehicle) 起点设为路线 'road2_v3' 的 Start (27.012535, 124.995660)
[adversarial_swarm] 实体 10003 (TargetVehicle) 起点设为路线 'road1_v2' 的 Start (27.012674, 125.001146)
[adversarial_swarm] 实体 10004 (TargetVehicle) 起点设为路线 'road2_v4' 的 Start (27.012674, 124.995868)
[adversarial_swarm] 实体 10005 (TargetVehicle) 起点设为路线 'road1_v1' 的 Start (27.012812, 125.001076)
[adversarial_swarm] 实体 10006 (TargetVehicle) 起点设为路线 'road5_v5' 的 Start (27.012326, 124.991493)
[adversarial_swarm] 实体 10007 (TargetVehicle) 起点设为路线 'road5_v2' 的 Start (27.012604, 124.991424)
[adversarial_swarm] 实体 10008 (TargetVehicle) 起点设为路线 'road5_v4' 的 Start (27.012465, 124.991285)
[adversarial_swarm] 实体 10009 (TargetVehicle) 起点设为路线 'road3' 的 Start (26.996979, 124.986701)
[adversarial_swarm] 实体 10010 (TargetVehicle) 起点设为路线 'road2' 的 Start (27.012535, 124.995799)
[adversarial_swarm] 实体 30001 (DecoyVehicle) 起点设为路线 'route_18' 的 Start (27.021354, 124.992535)
[adversarial_swarm] 实体 30002 (DecoyVehicle) 起点设为路线 'route_20' 的 Start (27.016424, 124.996632)
[adversarial_swarm] 实体 30003 (DecoyVehicle) 起点设为路线 'route_2' 的 Start (27.019132, 124.983090)
[adversarial_swarm] 实体 30004 (DecoyVehicle) 起点设为路线 'route_12' 的 Start (27.000660, 124.997882)
[adversarial_swarm] 实体 30005 (DecoyVehicle) 起点设为路线 'route_19' 的 Start (26.996840, 125.006632)
[adversarial_swarm] 实体 30006 (DecoyVehicle) 起点设为路线 'route_7' 的 Start (27.010313, 124.990729)
[adversarial_swarm] 实体 30007 (DecoyVehicle) 起点设为路线 'route_16' 的 Start (26.995104, 124.987882)
[adversarial_swarm] 实体 30008 (DecoyVehicle) 起点设为路线 'route_5' 的 Start (27.012743, 124.999687)
[adversarial_swarm] 实体 30009 (DecoyVehicle) 起点设为路线 'route_13' 的 Start (27.007465, 124.997049)
[adversarial_swarm] 实体 30010 (DecoyVehicle) 起点设为路线 'route_4' 的 Start (27.006979, 125.018090)
[adversarial_swarm] 实体 30011 (DecoyVehicle) 起点设为路线 'route_10' 的 Start (27.004062, 125.014896)
[adversarial_swarm] 实体 30012 (DecoyVehicle) 起点设为路线 'route_8' 的 Start (26.988576, 125.006979)
[adversarial_swarm] 实体 30013 (DecoyVehicle) 起点设为路线 'route_17' 的 Start (26.998924, 124.985243)
[adversarial_swarm] 实体 30014 (DecoyVehicle) 起点设为路线 'route_9' 的 Start (27.003438, 124.982465)
[adversarial_swarm] 实体 30015 (DecoyVehicle) 起点设为路线 'route_6' 的 Start (26.993646, 124.983160)
[adversarial_swarm] 实体 30016 (DecoyVehicle) 起点设为路线 'route_15' 的 Start (27.012326, 125.007674)
[adversarial_swarm] 实体 30017 (DecoyVehicle) 起点设为路线 'route_14' 的 Start (27.004271, 124.992535)
[adversarial_swarm] 实体 30018 (DecoyVehicle) 起点设为路线 'route_11' 的 Start (27.005938, 125.011007)
[adversarial_swarm] 实体 30019 (DecoyVehicle) 起点设为路线 'route_18' 的 Start (27.021354, 124.992535)
[adversarial_swarm] 实体 30020 (DecoyVehicle) 起点设为路线 'route_20' 的 Start (27.016424, 124.996632)
[adversarial_swarm] prepared scenario → C:\Coding\projects\hf2026-sim-windows\competition\scenarios\adversarial_swarm\output\scenario_adversarial_swarm_prepared.json
[run] starting opensim-sim: C:\Coding\projects\hf2026-sim-windows\opensim-sim.exe --config C:\Coding\projects\hf2026-sim-windows\competition\scenarios\adversarial_swarm\output\scenario_adversarial_swarm_prepared.json
[adversarial_swarm] progress 等待引擎就绪: 0.0%  (已等 1s，引擎正在加载 terrain CSV (786MB))
[adversarial_swarm] progress 等待引擎就绪: 0.0%  (已等 3s，引擎正在加载 terrain CSV (786MB))
[adversarial_swarm] progress 等待引擎就绪: 0.0%  (已等 4s，引擎正在加载 terrain CSV (786MB))
[adversarial_swarm] progress 等待引擎就绪: 0.0%  (已等 6s，引擎正在加载 terrain CSV (786MB))
[adversarial_swarm] progress 等待引擎就绪: 0.0%  (已等 7s，引擎正在加载 terrain CSV (786MB))
[adversarial_swarm] progress 等待引擎就绪: 0.0%  (已等 9s，引擎正在加载 terrain CSV (786MB))
[run] opensim-sim ready (subscribed to sim:commands)
[adversarial_swarm] progress 等待引擎就绪: 0.0%  (已等 0s，引擎正在加载 terrain CSV (786MB))
[adversarial_swarm] progress 初始化仿真: 0.0%  (感知层构建中)
[adversarial_swarm] first frame @ sim_time=1782432000.017
[INJECT] 并发注入 30 辆车 (workers=8)
[NAV] 实体 10001 使用路线 'road5_v3'
[NAV] 实体 10003 使用路线 'road1_v2'
[NAV] 实体 10002 使用路线 'road2_v3'
[DEBUG] _plan_segment 10001: astar_plan command sent
[NAV] 实体 10004 使用路线 'road2_v4'
[NAV] 实体 10005 使用路线 'road1_v1'
[DEBUG] _plan_segment 10004: astar_plan command sent
[NAV] 实体 10006 使用路线 'road5_v5'
[DEBUG] _plan_segment 10003: astar_plan command sent
[NAV] 实体 10007 使用路线 'road5_v2'
[NAV] 实体 10008 使用路线 'road5_v4'
[DEBUG] _plan_segment 10002: astar_plan command sent
[DEBUG] _plan_segment 10005: astar_plan command sent
[DEBUG] _plan_segment 10001: found astar_plan_result: success=True, count=6
[DEBUG] _plan_segment 10007: astar_plan command sent
[DEBUG] _plan_segment 10006: astar_plan command sent
[DEBUG] _plan_segment 10008: astar_plan command sent
[DEBUG] _plan_segment 10001: astar_plan command sent
[DEBUG] _plan_segment 10001: found astar_plan_result: success=True, count=6
[DEBUG] _plan_segment 10004: found astar_plan_result: success=True, count=3
[DEBUG] _plan_segment 10003: found astar_plan_result: success=True, count=3
[DEBUG] _plan_segment 10005: found astar_plan_result: success=True, count=4
[DEBUG] _plan_segment 10002: found astar_plan_result: success=True, count=4
[DEBUG] _plan_segment 10002: astar_plan command sent
[DEBUG] _plan_segment 10004: astar_plan command sent
[DEBUG] _plan_segment 10003: astar_plan command sent
[DEBUG] _plan_segment 10001: astar_plan command sent
[DEBUG] _plan_segment 10005: astar_plan command sent
[DEBUG] _plan_segment 10005: found astar_plan_result: success=True, count=4
[DEBUG] _plan_segment 10002: found astar_plan_result: success=True, count=4
[DEBUG] _plan_segment 10003: found astar_plan_result: success=True, count=3
[DEBUG] _plan_segment 10007: found astar_plan_result: success=True, count=7
[DEBUG] _plan_segment 10004: found astar_plan_result: success=True, count=3
[DEBUG] _plan_segment 10001: found astar_plan_result: success=True, count=2
[DEBUG] _plan_segment 10008: found astar_plan_result: success=True, count=6
[DEBUG] _plan_segment 10006: found astar_plan_result: success=True, count=6
[DEBUG] _plan_segment 10004: astar_plan command sent
[DEBUG] _plan_segment 10006: astar_plan command sent
[DEBUG] _plan_segment 10008: astar_plan command sent
[DEBUG] _plan_segment 10001: astar_plan command sent
[DEBUG] _plan_segment 10005: astar_plan command sent
[DEBUG] _plan_segment 10003: astar_plan command sent
[DEBUG] _plan_segment 10007: astar_plan command sent
[DEBUG] _plan_segment 10002: astar_plan command sent
[DEBUG] _plan_segment 10004: found astar_plan_result: success=True, count=2
[DEBUG] _plan_segment 10006: found astar_plan_result: success=True, count=6
[DEBUG] _plan_segment 10001: found astar_plan_result: success=True, count=8
[DEBUG] _plan_segment 10002: found astar_plan_result: success=True, count=2
[DEBUG] _plan_segment 10008: found astar_plan_result: success=True, count=6
[DEBUG] _plan_segment 10005: found astar_plan_result: success=True, count=3
[DEBUG] _plan_segment 10003: found astar_plan_result: success=True, count=3
[DEBUG] _plan_segment 10007: found astar_plan_result: success=True, count=7
[DEBUG] _plan_segment 10006: astar_plan command sent
[DEBUG] _plan_segment 10005: astar_plan command sent
[DEBUG] _plan_segment 10003: astar_plan command sent
[DEBUG] _plan_segment 10002: astar_plan command sent
[DEBUG] _plan_segment 10007: astar_plan command sent
[DEBUG] _plan_segment 10001: astar_plan command sent
[DEBUG] _plan_segment 10004: astar_plan command sent
[DEBUG] _plan_segment 10008: astar_plan command sent
[DEBUG] _plan_segment 10006: found astar_plan_result: success=True, count=2[DEBUG] _plan_segment 10003: found astar_plan_result: success=True, count=3
[DEBUG] _plan_segment 10002: found astar_plan_result: success=True, count=2
[DEBUG] _plan_segment 10001: found astar_plan_result: success=True, count=5
[DEBUG] _plan_segment 10004: found astar_plan_result: success=True, count=2
[DEBUG] _plan_segment 10007: found astar_plan_result: success=True, count=2
[DEBUG] _plan_segment 10008: found astar_plan_result: success=True, count=2

[DEBUG] _plan_segment 10005: found astar_plan_result: success=True, count=3
[DEBUG] _plan_segment 10006: astar_plan command sent
[DEBUG] _plan_segment 10003: astar_plan command sent
[DEBUG] _plan_segment 10008: astar_plan command sent
[DEBUG] _plan_segment 10002: astar_plan command sent
[DEBUG] _plan_segment 10004: astar_plan command sent
[DEBUG] _plan_segment 10001: astar_plan command sent
[DEBUG] _plan_segment 10005: astar_plan command sent
[DEBUG] _plan_segment 10007: astar_plan command sent
[DEBUG] _plan_segment 10006: found astar_plan_result: success=True, count=7
[DEBUG] _plan_segment 10007: found astar_plan_result: success=True, count=7
[DEBUG] _plan_segment 10003: found astar_plan_result: success=True, count=2
[DEBUG] _plan_segment 10008: found astar_plan_result: success=True, count=9
[DEBUG] _plan_segment 10002: found astar_plan_result: success=True, count=2
[DEBUG] _plan_segment 10005: found astar_plan_result: success=True, count=2
[DEBUG] _plan_segment 10001: found astar_plan_result: success=True, count=6
[DEBUG] _plan_segment 10004: found astar_plan_result: success=True, count=2
[DEBUG] _plan_segment 10006: astar_plan command sent
[DEBUG] _plan_segment 10002: astar_plan command sent
[DEBUG] _plan_segment 10005: astar_plan command sent
[NAV] 10001 A* 规划出 28 个路径点 (全程沿路网)
[DEBUG] _plan_segment 10008: astar_plan command sent
[DEBUG] _plan_segment 10003: astar_plan command sent
[DEBUG] _plan_segment 10007: astar_plan command sent
[DEBUG] _plan_segment 10004: astar_plan command sent
[NAV] 10001 set_trajectory 已发送 (28 pts)
[NAV] 实体 10009 使用路线 'road3'
[DEBUG] _plan_segment 10009: astar_plan command sent
[DEBUG] _plan_segment 10005: found astar_plan_result: success=True, count=2
[DEBUG] _plan_segment 10008: found astar_plan_result: success=True, count=6
[DEBUG] _plan_segment 10002: found astar_plan_result: success=True, count=2
[DEBUG] _plan_segment 10004: found astar_plan_result: success=True, count=2
[DEBUG] _plan_segment 10003: found astar_plan_result: success=True, count=2
[DEBUG] _plan_segment 10006: found astar_plan_result: success=True, count=4
[DEBUG] _plan_segment 10007: found astar_plan_result: success=True, count=6
[DEBUG] _plan_segment 10002: astar_plan command sent
[DEBUG] _plan_segment 10005: astar_plan command sent
[DEBUG] _plan_segment 10007: astar_plan command sent
[DEBUG] _plan_segment 10003: astar_plan command sent
[DEBUG] _plan_segment 10008: astar_plan command sent
[DEBUG] _plan_segment 10004: astar_plan command sent
[DEBUG] _plan_segment 10006: astar_plan command sent
[DEBUG] _plan_segment 10009: found astar_plan_result: success=True, count=5
[DEBUG] _plan_segment 10003: found astar_plan_result: success=True, count=2
[DEBUG] _plan_segment 10007: found astar_plan_result: success=True, count=6
[DEBUG] _plan_segment 10002: found astar_plan_result: success=True, count=9
[DEBUG] _plan_segment 10004: found astar_plan_result: success=True, count=9
[DEBUG] _plan_segment 10005: found astar_plan_result: success=True, count=2
[DEBUG] _plan_segment 10006: found astar_plan_result: success=True, count=6
[DEBUG] _plan_segment 10008: found astar_plan_result: success=True, count=6
[NAV] 10008 A* 规划出 30 个路径点 (全程沿路网)
[NAV] 10002 A* 规划出 19 个路径点 (全程沿路网)
[DEBUG] _plan_segment 10009: astar_plan command sent
[NAV] 10006 A* 规划出 26 个路径点 (全程沿路网)
[DEBUG] _plan_segment 10005: astar_plan command sent
[DEBUG] _plan_segment 10003: astar_plan command sent
[NAV] 10007 A* 规划出 30 个路径点 (全程沿路网)
[NAV] 10004 A* 规划出 17 个路径点 (全程沿路网)
[NAV] 10008 set_trajectory 已发送 (30 pts)
[NAV] 10006 set_trajectory 已发送 (26 pts)
[NAV] 10002 set_trajectory 已发送 (19 pts)
[NAV] 10007 set_trajectory 已发送 (30 pts)
[NAV] 实体 10010 使用路线 'road2'
[NAV] 10004 set_trajectory 已发送 (17 pts)
[DEBUG] _plan_segment 30001: astar_plan command sent
[DEBUG] _plan_segment 30002: astar_plan command sent
[DEBUG] _plan_segment 10010: astar_plan command sent
[DEBUG] _plan_segment 30003: astar_plan command sent
[DEBUG] _plan_segment 30004: astar_plan command sent
[DEBUG] _plan_segment 10005: found astar_plan_result: success=True, count=2
[DEBUG] _plan_segment 10003: found astar_plan_result: success=True, count=2
[DEBUG] _plan_segment 10009: found astar_plan_result: success=True, count=5
[DEBUG] _plan_segment 10009: astar_plan command sent
[DEBUG] _plan_segment 10005: astar_plan command sent
[DEBUG] _plan_segment 10003: astar_plan command sent
[DEBUG] _plan_segment 10005: found astar_plan_result: success=True, count=2
[DEBUG] _plan_segment 30004: found astar_plan_result: success=True, count=34
[DEBUG] _plan_segment 10010: found astar_plan_result: success=True, count=3
[DEBUG] _plan_segment 30002: found astar_plan_result: success=True, count=24
[DEBUG] _plan_segment 30003: found astar_plan_result: success=True, count=33
[DEBUG] _plan_segment 10003: found astar_plan_result: success=True, count=2
[DEBUG] _plan_segment 30001: found astar_plan_result: success=True, count=20
[DEBUG] _plan_segment 10009: found astar_plan_result: success=True, count=6
[NAV] 诱饵 30004 A* 规划出 34 个路径点 (全程沿路网)
[NAV] 诱饵 30002 A* 规划出 24 个路径点 (全程沿路网)
[NAV] 诱饵 30001 A* 规划出 20 个路径点 (全程沿路网)
[DEBUG] _plan_segment 10005: astar_plan command sent
[NAV] 诱饵 30004 set_trajectory 已发送
[DEBUG] _plan_segment 10003: astar_plan command sent
[NAV] 诱饵 30002 set_trajectory 已发送
[DEBUG] _plan_segment 30005: astar_plan command sent
[DEBUG] _plan_segment 10010: astar_plan command sent
[DEBUG] _plan_segment 30006: astar_plan command sent
[NAV] 诱饵 30001 set_trajectory 已发送
[NAV] 诱饵 30003 A* 规划出 33 个路径点 (全程沿路网)
[DEBUG] _plan_segment 10009: astar_plan command sent
[DEBUG] _plan_segment 30007: astar_plan command sent
[NAV] 诱饵 30003 set_trajectory 已发送
[DEBUG] _plan_segment 30008: astar_plan command sent
[DEBUG] _plan_segment 10009: found astar_plan_result: success=True, count=9
[DEBUG] _plan_segment 10010: found astar_plan_result: success=True, count=3
[DEBUG] _plan_segment 10003: found astar_plan_result: success=True, count=2
[DEBUG] _plan_segment 10005: found astar_plan_result: success=True, count=2
[DEBUG] _plan_segment 10003: astar_plan command sent
[DEBUG] _plan_segment 10009: astar_plan command sent
[DEBUG] _plan_segment 10010: astar_plan command sent
[DEBUG] _plan_segment 10005: astar_plan command sent
[DEBUG] _plan_segment 30008: found astar_plan_result: success=True, count=36
[DEBUG] _plan_segment 10005: found astar_plan_result: success=True, count=2
[DEBUG] _plan_segment 10009: found astar_plan_result: success=True, count=9
[DEBUG] _plan_segment 10003: found astar_plan_result: success=True, count=2
[DEBUG] _plan_segment 30005: found astar_plan_result: success=True, count=17
[DEBUG] _plan_segment 30006: found astar_plan_result: success=True, count=23
[DEBUG] _plan_segment 30007: found astar_plan_result: success=True, count=12
[DEBUG] _plan_segment 10010: found astar_plan_result: success=True, count=2
[NAV] 诱饵 30007 A* 规划出 12 个路径点 (全程沿路网)
[NAV] 诱饵 30008 A* 规划出 36 个路径点 (全程沿路网)
[NAV] 诱饵 30005 A* 规划出 17 个路径点 (全程沿路网)
[DEBUG] _plan_segment 10009: astar_plan command sent
[DEBUG] _plan_segment 10005: astar_plan command sent
[DEBUG] _plan_segment 10003: astar_plan command sent
[NAV] 诱饵 30006 A* 规划出 23 个路径点 (全程沿路网)
[NAV] 诱饵 30005 set_trajectory 已发送
[NAV] 诱饵 30007 set_trajectory 已发送
[DEBUG] _plan_segment 10010: astar_plan command sent
[NAV] 诱饵 30008 set_trajectory 已发送
[DEBUG] _plan_segment 30010: astar_plan command sent
[DEBUG] _plan_segment 30009: astar_plan command sent